// Jest Snapshot v1, https://goo.gl/fbAQLP

exports[`<LocationDetails /> should match the snapshot 1`] = `
<div>
  <Styled(Row)
    key="name"
  >
    <Col
      span={12}
    >
      name
    </Col>
    <Col
      span={12}
    >
      Earth
    </Col>
  </Styled(Row)>
  <Styled(Row)
    key="created"
  >
    <Col
      span={12}
    >
      created
    </Col>
    <Col
      span={12}
    >
      11/25/2019
    </Col>
  </Styled(Row)>
  <Styled(Row)
    key="dimension"
  >
    <Col
      span={12}
    >
      dimension
    </Col>
    <Col
      span={12}
    >
      -
    </Col>
  </Styled(Row)>
  <Styled(Row)
    key="type"
  >
    <Col
      span={12}
    >
      type
    </Col>
    <Col
      span={12}
    >
      -
    </Col>
  </Styled(Row)>
  <Styled(Row)
    key="residents"
  >
    <Col
      span={12}
    >
      residents
    </Col>
    <Col
      span={12}
    >
      <div
        key="Tom0"
      >
        Tom
      </div>
    </Col>
  </Styled(Row)>
</div>
`;
