// Jest Snapshot v1, https://goo.gl/fbAQLP

exports[`<CharacterDetails /> should match the snapshot 1`] = `
<div>
  <Styled(Row)
    key="name"
  >
    <span>
      Rick Sanchez
    </span>
  </Styled(Row)>
  <Styled(Row)
    key="image"
  >
    <styled.img
      alt="image"
      src=""
    />
    <Divider />
  </Styled(Row)>
  <Styled(Row)
    key="created"
  >
    <Col
      span={12}
    >
      created
    </Col>
    <Col
      span={12}
    >
      11/25/2020, 4:59:08 PM
    </Col>
  </Styled(Row)>
  <Styled(Row)
    key="episode"
  >
    <Col
      span={12}
    >
      episode
    </Col>
    <Col
      span={12}
    >
      -
    </Col>
  </Styled(Row)>
  <Styled(Row)
    key="gender"
  >
    <Col
      span={12}
    >
      gender
    </Col>
    <Col
      span={12}
    >
      Male
    </Col>
  </Styled(Row)>
  <Styled(Row)
    key="location"
  >
    <Col
      span={12}
    >
      location
    </Col>
    <Col
      span={12}
    >
      Earth
    </Col>
  </Styled(Row)>
  <Styled(Row)
    key="origin"
  >
    <Col
      span={12}
    >
      origin
    </Col>
    <Col
      span={12}
    >
      Earth
    </Col>
  </Styled(Row)>
  <Styled(Row)
    key="species"
  >
    <Col
      span={12}
    >
      species
    </Col>
    <Col
      span={12}
    >
      Alien
    </Col>
  </Styled(Row)>
  <Styled(Row)
    key="status"
  >
    <Col
      span={12}
    >
      status
    </Col>
    <Col
      span={12}
    >
      Alive
    </Col>
  </Styled(Row)>
  <Styled(Row)
    key="type"
  >
    <Col
      span={12}
    >
      type
    </Col>
    <Col
      span={12}
    >
      -
    </Col>
  </Styled(Row)>
</div>
`;
