// Jest Snapshot v1, https://goo.gl/fbAQLP

exports[`CharactersModel should return episodes data 1`] = `
Object {
  "episodes": Array [
    Object {
      "characters": 1,
      "episode": "0E12",
      "id": 1,
      "name": "Sunny day",
    },
  ],
  "pageInfo": Object {
    "count": 1,
    "next": null,
    "pages": 1,
    "prev": null,
  },
}
`;
